[2026-07-22T16:11:26Z] === run-sequence started ===
[2026-07-22T16:11:26Z] Starting s00-t5
[2026-07-22T16:22:24Z] s00-t5 done. Checking for next eligible task.
[2026-07-22T16:22:24Z] Starting s01-t1
[2026-07-22T21:53:19Z] === run-sequence started ===
[2026-07-22T21:53:19Z] Starting s01-t1
[2026-07-22T21:54:40Z] s01-t1 did not succeed (exit 1). Stopping sequence rather than continuing past a blocked/failed task. Check plan/blockers.md and plan/logs/s01-t1.log.
[2026-07-22T21:54:40Z] === run-sequence finished ===
[2026-07-22T22:00:07Z] === run-sequence started ===
[2026-07-22T22:00:07Z] Starting s01-t1
[2026-07-22T22:16:24Z] s01-t1 done. Checking for next eligible task.
[2026-07-22T22:16:24Z] Starting s01-t2
[2026-07-22T22:26:40Z] s01-t2 done. Checking for next eligible task.
[2026-07-22T22:26:40Z] Starting s01-t3
[2026-07-22T22:32:23Z] s01-t3 done. Checking for next eligible task.
[2026-07-22T22:32:23Z] Starting s01-t4
[2026-07-22T22:47:01Z] s01-t4 done. Checking for next eligible task.
[2026-07-22T22:47:01Z] Starting s01-t5
[2026-07-22T23:00:36Z] s01-t5 did not succeed (exit 1). Stopping sequence rather than continuing past a blocked/failed task. Check plan/blockers.md and plan/logs/s01-t5.log.
[2026-07-22T23:00:36Z] === run-sequence finished ===
[2026-07-23T03:49:41Z] s02-t2 done. Checking for next eligible task.
[2026-07-23T03:49:41Z] Starting s02-t3
[2026-07-23T04:01:29Z] s02-t3 done. Checking for next eligible task.
[2026-07-23T04:01:29Z] Starting s03-t1
[2026-07-23T04:05:37Z] s03-t1 done. Checking for next eligible task.
[2026-07-23T04:05:37Z] Starting s03-t2
[2026-07-23T04:20:35Z] s03-t3 done. Checking for next eligible task.
[2026-07-23T04:20:35Z] Starting s03-t4
[2026-07-23T04:27:27Z] s03-t4 done. Checking for next eligible task.
[2026-07-23T04:27:27Z] Starting s03-t5
[2026-07-23T04:39:13Z] s03-t5 done. Checking for next eligible task.
[2026-07-23T04:39:13Z] Starting s04-t1
[2026-07-23T04:52:58Z] s04-t1 done. Checking for next eligible task.
[2026-07-23T04:52:58Z] Starting s04-t2
[2026-07-23T04:56:59Z] s04-t2 done. Checking for next eligible task.
[2026-07-23T04:56:59Z] Starting s04-t3
[2026-07-23T05:13:51Z] s04-t3 done. Checking for next eligible task.
[2026-07-23T05:13:51Z] Starting s04-t4
[2026-07-23T05:20:23Z] s04-t4 done. Checking for next eligible task.
[2026-07-23T05:20:23Z] Starting s05-t1
[2026-07-23T05:28:24Z] s05-t1 done. Checking for next eligible task.
[2026-07-23T05:28:24Z] Starting s05-t2
[2026-07-23T05:40:59Z] s05-t2 done. Checking for next eligible task.
[2026-07-23T05:40:59Z] Starting s05-t3
[2026-07-23T05:53:51Z] s05-t3 done. Checking for next eligible task.
[2026-07-23T05:53:51Z] Starting s05-t4
