[spawn-engineer] s00-t4  tier=cheap  profile=kimi-code  model=moonshotai/Kimi-K2.7-Code
=== Attempt 1/3 (2026-07-22T15:35:17Z) ===
Warning: Reached maximum conversation turns (60). The response may be incomplete. Retry with --max-turns 120 to extend the budget.
I’ll start by reading the required plan files and the current task graph to understand the work.I’ve read the plan. Now I’ll set up my work and explore the existing code before implementing.
--- exit code: 8 ---
=== Attempt 2/3 (2026-07-22T15:45:52Z) ===

Interrupted.
--- exit code: 130 ---
=== Attempt 3/3 (2026-07-22T15:46:41Z) ===
[spawn-engineer] s00-t4  tier=cheap  profile=kimi-code  model=moonshotai/Kimi-K2.7-Code
=== Attempt 1/3 (2026-07-22T15:47:53Z) ===
I’ll read the AGENTS guidance and the task file first, then plan the work.I’ve read the guidance and task. Now I’ll explore the current codebase to understand the existing structure, middleware, and header placeholder.I see the scaffold is mostly in place. I’ll run the full suite first to see what’s broken, then fix and finish the task.Finished s00-t4 end to end.

What I did:
- Confirmed next-intl routing is configured under `src/app/[locale]/` with `en` default and `ml` locale.
- Added `src/lib/i18n/{routing,request,navigation}.ts`, `en.json`, and `ml.json` placeholder dictionaries.
- Added `components/shared/LanguageSwitcher.tsx` and placed it in the public header.
- Updated `middleware.ts` so Clerk auth gating works for both `/en/*` and `/ml/*` paths.
- Fixed Vitest setup for Next.js 16 ESM (`next/server` resolution) and React 19 rendering.
- Updated existing `auth.test.tsx` and `smoke.test.tsx` imports to the new `[locale]` paths.
- Wrote/rewrote `src/__tests__/i18n.test.tsx` covering the 4 required tests.

Result:
- Full suite: **33 passed** / 33.
- Committed as `s00-t4: scaffold next-intl routing, dictionaries, LanguageSwitcher, and i18n-aware middleware tests`.
- Merged to `main` and pushed.
- Updated `plan/task-graph.json` so `s00-t4` status is `"done"`.
--- exit code: 0 ---
[spawn-engineer] s00-t4 VERIFIED done (commit landed, status flipped).
