[spawn-engineer] s01-t1  tier=cheap  profile=kimi-code  model=moonshotai/Kimi-K2.7-Code
=== Attempt 1/3 (2026-07-22T16:22:24Z) ===

Interrupted.
--- exit code: 130 ---
=== Attempt 2/3 (2026-07-22T16:32:47Z) ===

Interrupted.
--- exit code: 130 ---
=== Attempt 3/3 (2026-07-22T16:32:49Z) ===
[spawn-engineer] s01-t1  tier=cheap  profile=kimi-code  model=moonshotai/Kimi-K2.7-Code
=== Attempt 1/3 (2026-07-22T21:53:19Z) ===
I'll start by reading the required files and then work the task end-to-end.Got stuck.

**Reason:** Manual prerequisites for `s01-t1` are unchecked:
- WhatsApp number and phone number not confirmed (env vars are empty)
- G-TEC logo file not supplied

Per `AGENTS.md` rule 10, I stopped rather than inventing placeholder content. I logged this to `plan/blockers.md` and marked `s01-t1` as `blocked` in `plan/task-graph.json`. The blocker commit is on `task-s01-t1` (fb0e668).

Please provide the confirmed WhatsApp number, phone number, and logo file, and I can continue the implementation, tests, and merge.
--- exit code: 0 ---
[spawn-engineer] s01-t1 BLOCKED — see /home/ubuntu/projects/gtec-thoudpuzha/plan/blockers.md and /home/ubuntu/projects/gtec-thoudpuzha/plan/logs/s01-t1.log
[spawn-engineer] s01-t1  tier=cheap  profile=kimi-code  model=moonshotai/Kimi-K2.7-Code
=== Attempt 1/3 (2026-07-22T22:00:08Z) ===
